% mean class accuracy (test set)	
 1.0280e+01	
